################################################################################
#                                                                              #
#      IAR Universal Linker V5.2.1.11                                          #
#                                                                              #
#           Link time     =  11/May/2016  21:03:24                             #
#           Target CPU    =  MSP430                                            #
#           List file     =  "D:\Dvontek\SVN\AISMC\Pharos\3043-1-1552 PwrManag #
#                            e_Polling_Sub\Src\trunk\Project\Debug\List\PwrMng #
#                            _Polling.map"                                     #
#           Output file 1 =  "D:\Dvontek\SVN\AISMC\Pharos\3043-1-1552 PwrManag #
#                            e_Polling_Sub\Src\trunk\Project\Debug\Exe\PwrMng_ #
#                            Polling.txt"                                      #
#                            Format: msp430_txt                                #
#           Output file 2 =  "D:\Dvontek\SVN\AISMC\Pharos\3043-1-1552 PwrManag #
#                            e_Polling_Sub\Src\trunk\Project\Debug\Exe\PwrMng_ #
#                            Polling.d43"                                      #
#                            Format: debug                                     #
#                            UBROF version 10.0.6                              #
#                            Using library modules for C-SPY (-rt)             #
#           Command line  =  "D:\Dvontek\SVN\AISMC\Pharos\3043-1-1552 PwrManag #
#                            e_Polling_Sub\Src\trunk\Project\Debug\Obj\Adc.r43 #
#                            "                                                 #
#                            "D:\Dvontek\SVN\AISMC\Pharos\3043-1-1552 PwrManag #
#                            e_Polling_Sub\Src\trunk\Project\Debug\Obj\App.r43 #
#                            "                                                 #
#                            "D:\Dvontek\SVN\AISMC\Pharos\3043-1-1552 PwrManag #
#                            e_Polling_Sub\Src\trunk\Project\Debug\Obj\ChgDisc #
#                            hg.r43"                                           #
#                            "D:\Dvontek\SVN\AISMC\Pharos\3043-1-1552 PwrManag #
#                            e_Polling_Sub\Src\trunk\Project\Debug\Obj\Config. #
#                            r43"                                              #
#                            "D:\Dvontek\SVN\AISMC\Pharos\3043-1-1552 PwrManag #
#                            e_Polling_Sub\Src\trunk\Project\Debug\Obj\Debug.r #
#                            43"                                               #
#                            "D:\Dvontek\SVN\AISMC\Pharos\3043-1-1552 PwrManag #
#                            e_Polling_Sub\Src\trunk\Project\Debug\Obj\Gpio.r4 #
#                            3"                                                #
#                            "D:\Dvontek\SVN\AISMC\Pharos\3043-1-1552 PwrManag #
#                            e_Polling_Sub\Src\trunk\Project\Debug\Obj\I2c.r43 #
#                            "                                                 #
#                            "D:\Dvontek\SVN\AISMC\Pharos\3043-1-1552 PwrManag #
#                            e_Polling_Sub\Src\trunk\Project\Debug\Obj\Timer.r #
#                            43"                                               #
#                            "D:\Dvontek\SVN\AISMC\Pharos\3043-1-1552 PwrManag #
#                            e_Polling_Sub\Src\trunk\Project\Debug\Obj\Uart.r4 #
#                            3"                                                #
#                            "D:\Dvontek\SVN\AISMC\Pharos\3043-1-1552 PwrManag #
#                            e_Polling_Sub\Src\trunk\Project\Debug\Obj\main.r4 #
#                            3"                                                #
#                            "D:\Dvontek\SVN\AISMC\Pharos\3043-1-1552 PwrManag #
#                            e_Polling_Sub\Src\trunk\Project\Debug\Obj\msp430f #
#                            _it.r43"                                          #
#                            "D:\Dvontek\SVN\AISMC\Pharos\3043-1-1552 PwrManag #
#                            e_Polling_Sub\Src\trunk\Project\Debug\Obj\printf. #
#                            r43"                                              #
#                            -o                                                #
#                            "D:\Dvontek\SVN\AISMC\Pharos\3043-1-1552 PwrManag #
#                            e_Polling_Sub\Src\trunk\Project\Debug\Exe\PwrMng_ #
#                            Polling.d43"                                      #
#                            -l                                                #
#                            "D:\Dvontek\SVN\AISMC\Pharos\3043-1-1552 PwrManag #
#                            e_Polling_Sub\Src\trunk\Project\Debug\List\PwrMng #
#                            _Polling.map"                                     #
#                            -xmn                                              #
#                            "-IC:\Program Files\IAR Systems\Embedded Workbenc #
#                            h 6.0 Evaluation\430\LIB\"                        #
#                            -f                                                #
#                            "C:\Program Files\IAR Systems\Embedded Workbench  #
#                            6.0 Evaluation\430\CONFIG\lnk430F149.xcl"         #
#                            (-cmsp430 -QCODE_I=CODE_ID                        #
#                            -Z(DATA)DATA16_I,DATA16_Z,DATA16_N,DATA16_HEAP+_D #
#                            ATA16_HEAP_SIZE=0200-09FF                         #
#                            -Z(DATA)CODE_I -Z(DATA)CSTACK+_STACK_SIZE#        #
#                            -Z(CONST)INFO=1000-10FF                           #
#                            -Z(CONST)INFOA=1080-10FF                          #
#                            -Z(CONST)INFOB=1000-107F                          #
#                            -Z(CONST)DATA16_C,DATA16_ID,DIFUNCT,CHECKSUM=1100 #
#                            -FFDF                                             #
#                            -Z(CODE)CSTART,ISR_CODE,CODE_ID=1100-FFDF         #
#                            -P(CODE)CODE=1100-FFDF -Z(CODE)INTVEC=FFE0-FFFF   #
#                            -Z(CODE)RESET=FFFE-FFFF) -f                       #
#                            "C:\Program Files\IAR Systems\Embedded Workbench  #
#                            6.0 Evaluation\430\config\multiplier.xcl"         #
#                            (-e?Mul8Hw=?Mul8 -e?Mul16Hw=?Mul16                #
#                            -e?Mul16to32uHw=?Mul16to32u                       #
#                            -e?Mul16to32sHw=?Mul16to32s -e?Mul32Hw=?Mul32     #
#                            -e_Mul64iHw=_Mul64i                               #
#                            -e_Mul32u32uto64iHw=_Mul32u32uto64i               #
#                            -e?Mul32fHw=_Mul32f -e_Mul64fHwPtr=_Mul64fPtr)    #
#                            -D_STACK_SIZE=50 -rt                              #
#                            "C:\Program Files\IAR Systems\Embedded Workbench  #
#                            6.0 Evaluation\430\LIB\CLIB\cl430f.r43"           #
#                            -e_large_write=_formatted_write                   #
#                            -e_large_read=_formatted_read                     #
#                            -D_DATA16_HEAP_SIZE=50                            #
#                            "-Omsp430_txt=D:\Dvontek\SVN\AISMC\Pharos\3043-1- #
#                            1552 PwrManage_Polling_Sub\Src\trunk\Project\Debu #
#                            g\Exe\PwrMng_Polling.txt"                         #
#                            -s __program_start -D_DATA20_HEAP_SIZE=50         #
#                                                                              #
#                           Copyright (C) 1987-2011 IAR Systems AB.            #
################################################################################





                ****************************************
                *                                      *
                *           CROSS REFERENCE            *
                *                                      *
                ****************************************

       Program entry at :           14A6  Relocatable, from module : ?cstart




                ****************************************
                *                                      *
                *            RUNTIME MODEL             *
                *                                      *
                ****************************************

  __SystemLibrary = CLib
  __core          = 430
  __double_size   = 32
  __pic           = no
  __reg_r4        = free
  __reg_r5        = free
  __rt_version    = 3

                ****************************************
                *                                      *
                *    AUTOMATIC SYMBOL REDIRECTIONS     *
                *                                      *
                ****************************************

       All references to: _formatted_write
         were redirected to: _large_write



                ****************************************
                *                                      *
                *              MODULE MAP              *
                *                                      *
                ****************************************


  DEFINED ABSOLUTE ENTRIES
    *************************************************************************

  DEFINED ABSOLUTE ENTRIES
  PROGRAM MODULE, NAME : ?ABS_ENTRY_MOD

Absolute parts
           ENTRY                   ADDRESS         REF BY
           =====                   =======         ======
           _DATA20_HEAP_SIZE       0050 
           _DATA16_HEAP_SIZE       0050 
           _STACK_SIZE             0050 
    *************************************************************************

  FILE NAME : D:\Dvontek\SVN\AISMC\Pharos\3043-1-1552 PwrManage_Polling_Sub\Src\trunk\Project\Debug\Obj\Adc.r43
  PROGRAM MODULE, NAME : Adc

  SEGMENTS IN THE MODULE
  ======================
DATA16_AN
  Relative segment, address: 0037 - 0037 (0x1 bytes), align: 0
  Segment part 1. ROOT.       Intra module refs:   ADC12_Init
           ENTRY                   ADDRESS         REF BY
           =====                   =======         ======
           P6SEL                   0037 
    -------------------------------------------------------------------------
DATA16_AN
  Relative segment, address: 01A0 - 01A1 (0x2 bytes), align: 0
  Segment part 2. ROOT.       Intra module refs:   ADC12_Init
           ENTRY                   ADDRESS         REF BY
           =====                   =======         ======
           ADC12CTL0               01A0 
    -------------------------------------------------------------------------
DATA16_AN
  Relative segment, address: 01A2 - 01A3 (0x2 bytes), align: 0
  Segment part 3. ROOT.       Intra module refs:   ADC12_Init
           ENTRY                   ADDRESS         REF BY
           =====                   =======         ======
           ADC12CTL1               01A2 
    -------------------------------------------------------------------------
DATA16_AN
  Relative segment, address: 01A6 - 01A7 (0x2 bytes), align: 0
  Segment part 4. ROOT.       Intra module refs:   ADC12_Init
           ENTRY                   ADDRESS         REF BY
           =====                   =======         ======
           ADC12IE                 01A6 
    -------------------------------------------------------------------------
DATA16_AN
  Relative segment, address: 0142 - 0143 (0x2 bytes), align: 0
  Segment part 5. ROOT.       Intra module refs:   ADC12ISR
           ENTRY                   ADDRESS         REF BY
           =====                   =======         ======
           ADC12MEM1               0142 
    -------------------------------------------------------------------------
DATA16_AN
  Relative segment, address: 0144 - 0145 (0x2 bytes), align: 0
  Segment part 6. ROOT.       Intra module refs:   ADC12ISR
           ENTRY                   ADDRESS         REF BY
           =====                   =======         ======
           ADC12MEM2               0144 
    -------------------------------------------------------------------------
DATA16_AN
  Relative segment, address: 0146 - 0147 (0x2 bytes), align: 0
  Segment part 7. ROOT.       Intra module refs:   ADC12ISR
           ENTRY                   ADDRESS         REF BY
           =====                   =======         ======
           ADC12MEM3               0146 
    -------------------------------------------------------------------------
DATA16_AN
  Relative segment, address: 0148 - 0149 (0x2 bytes), align: 0
  Segment part 8. ROOT.       Intra module refs:   ADC12ISR
           ENTRY                   ADDRESS         REF BY
           =====                   =======         ======
           ADC12MEM4               0148 
    -------------------------------------------------------------------------
DATA16_AN
  Relative segment, address: 014A - 014B (0x2 bytes), align: 0
  Segment part 9. ROOT.       Intra module refs:   ADC12ISR
           ENTRY                   ADDRESS         REF BY
           =====                   =======         ======
           ADC12MEM5               014A 
    -------------------------------------------------------------------------
DATA16_AN
  Relative segment, address: 014C - 014D (0x2 bytes), align: 0
  Segment part 10. ROOT.      Intra module refs:   ADC12ISR
           ENTRY                   ADDRESS         REF BY
           =====                   =======         ======
           ADC12MEM6               014C 
    -------------------------------------------------------------------------
DATA16_AN
  Relative segment, address: 014E - 014F (0x2 bytes), align: 0
  Segment part 11. ROOT.      Intra module refs:   ADC12ISR
           ENTRY                   ADDRESS         REF BY
           =====                   =======         ======
           ADC12MEM7               014E 
    -------------------------------------------------------------------------
DATA16_AN
  Relative segment, address: 0081 - 0081 (0x1 bytes), align: 0
  Segment part 12. ROOT.      Intra module refs:   ADC12_Init
           ENTRY                   ADDRESS         REF BY
           =====                   =======         ======
           ADC12MCTL1              0081 
    -------------------------------------------------------------------------
DATA16_AN
  Relative segment, address: 0082 - 0082 (0x1 bytes), align: 0
  Segment part 13. ROOT.      Intra module refs:   ADC12_Init
           ENTRY                   ADDRESS         REF BY
           =====                   =======         ======
           ADC12MCTL2              0082 
    -------------------------------------------------------------------------
DATA16_AN
  Relative segment, address: 0083 - 0083 (0x1 bytes), align: 0
  Segment part 14. ROOT.      Intra module refs:   ADC12_Init
           ENTRY                   ADDRESS         REF BY
           =====                   =======         ======
           ADC12MCTL3              0083 
    -------------------------------------------------------------------------
DATA16_AN
  Relative segment, address: 0084 - 0084 (0x1 bytes), align: 0
  Segment part 15. ROOT.      Intra module refs:   ADC12_Init
           ENTRY                   ADDRESS         REF BY
           =====                   =======         ======
           ADC12MCTL4              0084 
    -------------------------------------------------------------------------
DATA16_AN
  Relative segment, address: 0085 - 0085 (0x1 bytes), align: 0
  Segment part 16. ROOT.      Intra module refs:   ADC12_Init
           ENTRY                   ADDRESS         REF BY
           =====                   =======         ======
           ADC12MCTL5              0085 
    -------------------------------------------------------------------------
DATA16_AN
  Relative segment, address: 0086 - 0086 (0x1 bytes), align: 0
  Segment part 17. ROOT.      Intra module refs:   ADC12_Init
           ENTRY                   ADDRESS         REF BY
           =====                   =======         ======
           ADC12MCTL6              0086 
    -------------------------------------------------------------------------
DATA16_AN
  Relative segment, address: 0087 - 0087 (0x1 bytes), align: 0
  Segment part 18. ROOT.      Intra module refs:   ADC12_Init
           ENTRY                   ADDRESS         REF BY
           =====                   =======         ======
           ADC12MCTL7              0087 
    -------------------------------------------------------------------------
DATA16_Z
  Relative segment, address: 0202 - 0271 (0x70 bytes), align: 1
  Segment part 21.            Intra module refs:   ADC12ISR
           ENTRY                   ADDRESS         REF BY
           =====                   =======         ======
           AdcRes                  0202            Get_BattInfo (ChgDischg)
    -------------------------------------------------------------------------
DATA16_Z
  Relative segment, address: 02C2 - 02C2 (0x1 bytes), align: 0
  Segment part 22.            Intra module refs:   ADC12ISR
           ENTRY                   ADDRESS         REF BY
           =====                   =======         ======
           AdcResCount             02C2 
    -------------------------------------------------------------------------
<CODE> 1 (was CODE)
  Relative segment, address: 3048 - 3099 (0x52 bytes), align: 1
  Segment part 25.
           ENTRY                   ADDRESS         REF BY
           =====                   =======         ======
           ADC12_Init              3048            main (main)
               CSTACK = 00000000 ( 00000002 )
    -------------------------------------------------------------------------
<CODE> 1 (was CODE)
  Relative segment, address: 2EB8 - 2F33 (0x7c bytes), align: 1
  Segment part 24.            Intra module refs:   ADC12ISR::??INTVEC 14
           ENTRY                   ADDRESS         REF BY
           =====                   =======         ======
           ADC12ISR                2EB8 
               interrupt function
               CSTACK = 00000000 ( 0000000C )
    -------------------------------------------------------------------------
DATA16_Z
  Relative segment, address: 0272 - 0273 (0x2 bytes), align: 1
  Segment part 23.            Intra module refs:   ADC12ISR
           LOCAL                   ADDRESS         
           =====                   =======         
           ADC12ISR::index         0272 
    -------------------------------------------------------------------------
INTVEC
  Common segment, address: FFE0 - FFEF (0x10 bytes), align: 1
  Segment part 19. ROOT.
           ENTRY                   ADDRESS         REF BY
           =====                   =======         ======
           ADC12ISR::??INTVEC 14   FFEE 

    *************************************************************************

  FILE NAME : D:\Dvontek\SVN\AISMC\Pharos\3043-1-1552 PwrManage_Polling_Sub\Src\trunk\Project\Debug\Obj\App.r43
  PROGRAM MODULE, NAME : App

  SEGMENTS IN THE MODULE
  ======================
DATA16_AN
  Relative segment, address: 0031 - 0031 (0x1 bytes), align: 0
  Segment part 1. ROOT.       Intra module refs:   Task_SysCtrl
           ENTRY                   ADDRESS         REF BY
           =====                   =======         ======
           P5OUT                   0031 
    -------------------------------------------------------------------------
DATA16_Z
  Relative segment, address: 0274 - 0285 (0x12 bytes), align: 1
  Segment part 4.
           ENTRY                   ADDRESS         REF BY
           =====                   =======         ======
           DevInfo                 0274            ChargeProcess (ChgDischg)
                                                   DischargeProcess (ChgDischg)
                                                   Get_BattInfo (ChgDischg)
                                                   Task_Dbg (Debug)
                                                   Task_PwrMng (ChgDischg)
                                                   main (main)
    -------------------------------------------------------------------------
DATA16_Z
  Relative segment, address: 0286 - 02AB (0x26 bytes), align: 1
  Segment part 5.
           ENTRY                   ADDRESS         REF BY
           =====                   =======         ======
           DevData                 0286            ChargeProcess (ChgDischg)
                                                   DischargeProcess (ChgDischg)
                                                   Get_BattInfo (ChgDischg)
                                                   Task_PwrMng (ChgDischg)
                                                   TimerB_Isr (msp430f_it)
                                                   main (main)
    -------------------------------------------------------------------------
DATA16_Z
  Relative segment, address: 02C3 - 02D1 (0xf bytes), align: 0
  Segment part 6.
           ENTRY                   ADDRESS         REF BY
           =====                   =======         ======
           DevBasicInfo            02C3            main (main)
    -------------------------------------------------------------------------
DATA16_Z
  Relative segment, address: 02AC - 02AF (0x4 bytes), align: 1
  Segment part 7.             Intra module refs:   OSTimeGet
           ENTRY                   ADDRESS         REF BY
           =====                   =======         ======
           SysTimeTick             02AC            TimerB_Isr (msp430f_it)
    -------------------------------------------------------------------------
<CODE> 1 (was CODE)
  Relative segment, address: 3510 - 3519 (0xa bytes), align: 1
  Segment part 14.
           ENTRY                   ADDRESS         REF BY
           =====                   =======         ======
           OSTimeGet               3510            ChargeProcess (ChgDischg)
                                                   DischargeProcess (ChgDischg)
               CSTACK = 00000000 ( 00000002 )
    -------------------------------------------------------------------------
<CODE> 1 (was CODE)
  Relative segment, address: 3448 - 345D (0x16 bytes), align: 1
  Segment part 13.
           ENTRY                   ADDRESS         REF BY
           =====                   =======         ======
           putchar                 3448            put_one_char (printf)
               calls direct
               CSTACK = 00000000 ( 00000004 )
    -------------------------------------------------------------------------
<CODE> 1 (was CODE)
  Relative segment, address: 3378 - 339D (0x26 bytes), align: 1
  Segment part 9.
           ENTRY                   ADDRESS         REF BY
           =====                   =======         ======
           Task_SysCtrl            3378            main (main)
               CSTACK = 00000000 ( 00000002 )
    -------------------------------------------------------------------------
DATA16_Z
  Relative segment, address: 02D2 - 02D2 (0x1 bytes), align: 0
  Segment part 8.             Intra module refs:   Task_SysCtrl
           LOCAL                   ADDRESS         
           =====                   =======         
           Task_SysCtrl::bWdtFlag
                                   02D2 

    *************************************************************************

  FILE NAME : D:\Dvontek\SVN\AISMC\Pharos\3043-1-1552 PwrManage_Polling_Sub\Src\trunk\Project\Debug\Obj\ChgDischg.r43
  PROGRAM MODULE, NAME : ChgDischg

  SEGMENTS IN THE MODULE
  ======================
<CODE> 1 (was CODE)
  Relative segment, address: 1FF6 - 2253 (0x25e bytes), align: 1
  Segment part 19.
           ENTRY                   ADDRESS         REF BY
           =====                   =======         ======
           Get_BattInfo            1FF6            main (main)
               calls direct
               CSTACK = 00000000 ( 0000003E )
    -------------------------------------------------------------------------
<CODE> 1 (was CODE)
  Relative segment, address: 2A3E - 2B4D (0x110 bytes), align: 1
  Segment part 16.            Intra module refs:   Task_PwrMng
           ENTRY                   ADDRESS         REF BY
           =====                   =======         ======
           ChargeProcess           2A3E 
               calls direct
               CSTACK = 00000000 ( 00000006 )
    -------------------------------------------------------------------------
DATA16_Z
  Relative segment, address: 02D3 - 02D3 (0x1 bytes), align: 0
  Segment part 12.            Intra module refs:   ChargeProcess
           LOCAL                   ADDRESS         
           =====                   =======         
           ChargeProcess::nErrCount
                                   02D3 
    -------------------------------------------------------------------------
DATA16_Z
  Relative segment, address: 02B0 - 02B3 (0x4 bytes), align: 1
  Segment part 13.            Intra module refs:   ChargeProcess
           LOCAL                   ADDRESS         
           =====                   =======         
           ChargeProcess::nTimeTick
                                   02B0 
    -------------------------------------------------------------------------
<CODE> 1 (was CODE)
  Relative segment, address: 23E4 - 2565 (0x182 bytes), align: 1
  Segment part 17.            Intra module refs:   Task_PwrMng
           ENTRY                   ADDRESS         REF BY
           =====                   =======         ======
           DischargeProcess        23E4 
               calls direct
               CSTACK = 00000000 ( 00000006 )
    -------------------------------------------------------------------------
DATA16_Z
  Relative segment, address: 02D4 - 02D4 (0x1 bytes), align: 0
  Segment part 14.            Intra module refs:   DischargeProcess
           LOCAL                   ADDRESS         
           =====                   =======         
           DischargeProcess::nErrCount
                                   02D4 
    -------------------------------------------------------------------------
DATA16_Z
  Relative segment, address: 02B4 - 02B7 (0x4 bytes), align: 1
  Segment part 15.            Intra module refs:   DischargeProcess
           LOCAL                   ADDRESS         
           =====                   =======         
           DischargeProcess::nTimeTick
                                   02B4 
    -------------------------------------------------------------------------
<CODE> 1 (was CODE)
  Relative segment, address: 2F34 - 2F9F (0x6c bytes), align: 1
  Segment part 18.
           ENTRY                   ADDRESS         REF BY
           =====                   =======         ======
           Task_PwrMng             2F34            main (main)
               calls direct
               CSTACK = 00000000 ( 0000000C )
    -------------------------------------------------------------------------
DATA16_C
  Relative segment, address: 1100 - 116F (0x70 bytes), align: 0
  Segment part 2.             Intra module refs:   Get_BattInfo
    -------------------------------------------------------------------------
DATA16_C
  Relative segment, address: 1170 - 1199 (0x2a bytes), align: 0
  Segment part 3.             Intra module refs:   ChargeProcess
    -------------------------------------------------------------------------
DATA16_C
  Relative segment, address: 119A - 11BF (0x26 bytes), align: 0
  Segment part 4.             Intra module refs:   ChargeProcess
    -------------------------------------------------------------------------
DATA16_C
  Relative segment, address: 11C0 - 11E2 (0x23 bytes), align: 0
  Segment part 5.             Intra module refs:   ChargeProcess
    -------------------------------------------------------------------------
DATA16_C
  Relative segment, address: 11E3 - 120F (0x2d bytes), align: 0
  Segment part 6.             Intra module refs:   DischargeProcess
    -------------------------------------------------------------------------
DATA16_C
  Relative segment, address: 1210 - 1257 (0x48 bytes), align: 0
  Segment part 7.             Intra module refs:   DischargeProcess
    -------------------------------------------------------------------------
DATA16_C
  Relative segment, address: 1258 - 1282 (0x2b bytes), align: 0
  Segment part 8.             Intra module refs:   DischargeProcess
    -------------------------------------------------------------------------
DATA16_C
  Relative segment, address: 1283 - 12AB (0x29 bytes), align: 0
  Segment part 9.             Intra module refs:   DischargeProcess
    -------------------------------------------------------------------------
DATA16_C
  Relative segment, address: 12AC - 12D1 (0x26 bytes), align: 0
  Segment part 10.            Intra module refs:   DischargeProcess
    -------------------------------------------------------------------------
DATA16_C
  Relative segment, address: 12D2 - 130C (0x3b bytes), align: 0
  Segment part 11.            Intra module refs:   Task_PwrMng

    *************************************************************************

  FILE NAME : D:\Dvontek\SVN\AISMC\Pharos\3043-1-1552 PwrManage_Polling_Sub\Src\trunk\Project\Debug\Obj\Config.r43
  PROGRAM MODULE, NAME : Config

  SEGMENTS IN THE MODULE
  ======================
DATA16_AN
  Relative segment, address: 0002 - 0002 (0x1 bytes), align: 0
  Segment part 1. ROOT.       Intra module refs:   Clock_Init
                                                   Uart0_SendByte (Uart)
           ENTRY                   ADDRESS         REF BY
           =====                   =======         ======
           IFG1                    0002 
    -------------------------------------------------------------------------
DATA16_AN
  Relative segment, address: 0120 - 0121 (0x2 bytes), align: 0
  Segment part 2. ROOT.       Intra module refs:   WDT_Init
           ENTRY                   ADDRESS         REF BY
           =====                   =======         ======
           WDTCTL                  0120 
    -------------------------------------------------------------------------
DATA16_AN
  Relative segment, address: 0056 - 0056 (0x1 bytes), align: 0
  Segment part 3. ROOT.
           ENTRY                   ADDRESS         REF BY
           =====                   =======         ======
           DCOCTL                  0056 
    -------------------------------------------------------------------------
DATA16_AN
  Relative segment, address: 0057 - 0057 (0x1 bytes), align: 0
  Segment part 4. ROOT.       Intra module refs:   Clock_Init
           ENTRY                   ADDRESS         REF BY
           =====                   =======         ======
           BCSCTL1                 0057 
    -------------------------------------------------------------------------
DATA16_AN
  Relative segment, address: 0058 - 0058 (0x1 bytes), align: 0
  Segment part 5. ROOT.       Intra module refs:   Clock_Init
           ENTRY                   ADDRESS         REF BY
           =====                   =======         ======
           BCSCTL2                 0058 
    -------------------------------------------------------------------------
<CODE> 1 (was CODE)
  Relative segment, address: 3326 - 334F (0x2a bytes), align: 1
  Segment part 11.
           ENTRY                   ADDRESS         REF BY
           =====                   =======         ======
           Clock_Init              3326            main (main)
               CSTACK = 00000000 ( 00000002 )
    -------------------------------------------------------------------------
<CODE> 1 (was CODE)
  Relative segment, address: 3540 - 3547 (0x8 bytes), align: 1
  Segment part 7.
           ENTRY                   ADDRESS         REF BY
           =====                   =======         ======
           WDT_Init                3540            main (main)
               CSTACK = 00000000 ( 00000002 )

    *************************************************************************

  FILE NAME : D:\Dvontek\SVN\AISMC\Pharos\3043-1-1552 PwrManage_Polling_Sub\Src\trunk\Project\Debug\Obj\Debug.r43
  PROGRAM MODULE, NAME : Debug

  SEGMENTS IN THE MODULE
  ======================
<CODE> 1 (was CODE)
  Relative segment, address: 3350 - 3377 (0x28 bytes), align: 1
  Segment part 11.            Intra module refs:   Task_Dbg
           ENTRY                   ADDRESS         REF BY
           =====                   =======         ======
           strupr                  3350 
               CSTACK = 00000000 ( 00000002 )
    -------------------------------------------------------------------------
DATA16_Z
  Relative segment, address: 02D5 - 02E8 (0x14 bytes), align: 0
  Segment part 6.             Intra module refs:   Task_Dbg
           ENTRY                   ADDRESS         REF BY
           =====                   =======         ======
           DBG_RxBuf               02D5            Uart0_Rx_Isr (msp430f_it)
    -------------------------------------------------------------------------
DATA16_Z
  Relative segment, address: 02E9 - 02E9 (0x1 bytes), align: 0
  Segment part 7.             Intra module refs:   Task_Dbg
           ENTRY                   ADDRESS         REF BY
           =====                   =======         ======
           DBG_RxFlag              02E9            TimerB_Isr (msp430f_it)
    -------------------------------------------------------------------------
DATA16_Z
  Relative segment, address: 02EA - 02EA (0x1 bytes), align: 0
  Segment part 8.             Intra module refs:   Task_Dbg
           ENTRY                   ADDRESS         REF BY
           =====                   =======         ======
           DBG_RxCount             02EA            Uart0_Rx_Isr (msp430f_it)
    -------------------------------------------------------------------------
DATA16_I
  Relative segment, address: 0200 - 0200 (0x1 bytes), align: 0
  Segment part 9.
           ENTRY                   ADDRESS         REF BY
           =====                   =======         ======
           DBG_TimeOut_Count       0200            TimerB_Isr (msp430f_it)
                                                   Uart0_Rx_Isr (msp430f_it)
    -------------------------------------------------------------------------
<CODE> 1 (was CODE)
  Relative segment, address: 198E - 1D19 (0x38c bytes), align: 1
  Segment part 12.
           ENTRY                   ADDRESS         REF BY
           =====                   =======         ======
           Task_Dbg                198E            main (main)
               calls direct
               CSTACK = 00000000 ( 0000001E )
    -------------------------------------------------------------------------
DATA16_ID
  Relative segment, address: 14A4 - 14A4 (0x1 bytes), align: 0
  Segment part 10.            Intra module refs:   DBG_TimeOut_Count
    -------------------------------------------------------------------------
DATA16_C
  Relative segment, address: 130D - 1341 (0x35 bytes), align: 0
  Segment part 2.             Intra module refs:   Task_Dbg
    -------------------------------------------------------------------------
DATA16_C
  Relative segment, address: 1342 - 1358 (0x17 bytes), align: 0
  Segment part 3.             Intra module refs:   Task_Dbg
    -------------------------------------------------------------------------
DATA16_C
  Relative segment, address: 1359 - 1372 (0x1a bytes), align: 0
  Segment part 4.             Intra module refs:   Task_Dbg
    -------------------------------------------------------------------------
DATA16_C
  Relative segment, address: 1373 - 1390 (0x1e bytes), align: 0
  Segment part 5.             Intra module refs:   Task_Dbg

    *************************************************************************

  FILE NAME : D:\Dvontek\SVN\AISMC\Pharos\3043-1-1552 PwrManage_Polling_Sub\Src\trunk\Project\Debug\Obj\Gpio.r43
  PROGRAM MODULE, NAME : Gpio

  SEGMENTS IN THE MODULE
  ======================
DATA16_AN
  Relative segment, address: 0021 - 0021 (0x1 bytes), align: 0
  Segment part 1. ROOT.       Intra module refs:   ChgCtrl
           ENTRY                   ADDRESS         REF BY
           =====                   =======         ======
           P1OUT                   0021 
    -------------------------------------------------------------------------
DATA16_AN
  Relative segment, address: 0022 - 0022 (0x1 bytes), align: 0
  Segment part 2. ROOT.       Intra module refs:   Gpio_Init
           ENTRY                   ADDRESS         REF BY
           =====                   =======         ======
           P1DIR                   0022 
    -------------------------------------------------------------------------
DATA16_AN
  Relative segment, address: 0026 - 0026 (0x1 bytes), align: 0
  Segment part 3. ROOT.       Intra module refs:   Gpio_Init
           ENTRY                   ADDRESS         REF BY
           =====                   =======         ======
           P1SEL                   0026 
    -------------------------------------------------------------------------
DATA16_AN
  Relative segment, address: 0029 - 0029 (0x1 bytes), align: 0
  Segment part 4. ROOT.       Intra module refs:   DischgCtrl
           ENTRY                   ADDRESS         REF BY
           =====                   =======         ======
           P2OUT                   0029 
    -------------------------------------------------------------------------
DATA16_AN
  Relative segment, address: 002A - 002A (0x1 bytes), align: 0
  Segment part 5. ROOT.       Intra module refs:   Gpio_Init
           ENTRY                   ADDRESS         REF BY
           =====                   =======         ======
           P2DIR                   002A 
    -------------------------------------------------------------------------
DATA16_AN
  Relative segment, address: 002E - 002E (0x1 bytes), align: 0
  Segment part 6. ROOT.       Intra module refs:   Gpio_Init
           ENTRY                   ADDRESS         REF BY
           =====                   =======         ======
           P2SEL                   002E 
    -------------------------------------------------------------------------
DATA16_AN
  Relative segment, address: 0032 - 0032 (0x1 bytes), align: 0
  Segment part 7. ROOT.       Intra module refs:   Gpio_Init
           ENTRY                   ADDRESS         REF BY
           =====                   =======         ======
           P5DIR                   0032 
    -------------------------------------------------------------------------
DATA16_AN
  Relative segment, address: 0033 - 0033 (0x1 bytes), align: 0
  Segment part 8. ROOT.       Intra module refs:   Gpio_Init
           ENTRY                   ADDRESS         REF BY
           =====                   =======         ======
           P5SEL                   0033 
    -------------------------------------------------------------------------
<CODE> 1 (was CODE)
  Relative segment, address: 339E - 33C3 (0x26 bytes), align: 1
  Segment part 12.
           ENTRY                   ADDRESS         REF BY
           =====                   =======         ======
           Gpio_Init               339E            main (main)
               CSTACK = 00000000 ( 00000002 )
    -------------------------------------------------------------------------
<CODE> 1 (was CODE)
  Relative segment, address: 31B8 - 31F3 (0x3c bytes), align: 1
  Segment part 11.
           ENTRY                   ADDRESS         REF BY
           =====                   =======         ======
           DischgCtrl              31B8            Task_PwrMng (ChgDischg)
               CSTACK = 00000000 ( 00000002 )
    -------------------------------------------------------------------------
<CODE> 1 (was CODE)
  Relative segment, address: 3178 - 31B7 (0x40 bytes), align: 1
  Segment part 10.
           ENTRY                   ADDRESS         REF BY
           =====                   =======         ======
           ChgCtrl                 3178            Task_PwrMng (ChgDischg)
               CSTACK = 00000000 ( 00000002 )

    *************************************************************************

  FILE NAME : D:\Dvontek\SVN\AISMC\Pharos\3043-1-1552 PwrManage_Polling_Sub\Src\trunk\Project\Debug\Obj\I2c.r43
  PROGRAM MODULE, NAME : I2c

  SEGMENTS IN THE MODULE
  ======================
DATA16_AN
  Relative segment, address: 001C - 001C (0x1 bytes), align: 0
  Segment part 1. ROOT.
           ENTRY                   ADDRESS         REF BY
           =====                   =======         ======
           P4IN                    001C 
    -------------------------------------------------------------------------
DATA16_AN
  Relative segment, address: 001D - 001D (0x1 bytes), align: 0
  Segment part 2. ROOT.
           ENTRY                   ADDRESS         REF BY
           =====                   =======         ======
           P4OUT                   001D 
    -------------------------------------------------------------------------
DATA16_AN
  Relative segment, address: 001E - 001E (0x1 bytes), align: 0
  Segment part 3. ROOT.
           ENTRY                   ADDRESS         REF BY
           =====                   =======         ======
           P4DIR                   001E 

    *************************************************************************

  FILE NAME : D:\Dvontek\SVN\AISMC\Pharos\3043-1-1552 PwrManage_Polling_Sub\Src\trunk\Project\Debug\Obj\Timer.r43
  PROGRAM MODULE, NAME : Timer

  SEGMENTS IN THE MODULE
  ======================
DATA16_AN
  Relative segment, address: 0160 - 0161 (0x2 bytes), align: 0
  Segment part 4. ROOT.
           ENTRY                   ADDRESS         REF BY
           =====                   =======         ======
           TACTL                   0160 
    -------------------------------------------------------------------------
DATA16_AN
  Relative segment, address: 0164 - 0165 (0x2 bytes), align: 0
  Segment part 5. ROOT.
           ENTRY                   ADDRESS         REF BY
           =====                   =======         ======
           TACCTL1                 0164 
    -------------------------------------------------------------------------
DATA16_AN
  Relative segment, address: 0172 - 0173 (0x2 bytes), align: 0
  Segment part 6. ROOT.
           ENTRY                   ADDRESS         REF BY
           =====                   =======         ======
           TACCR0                  0172 
    -------------------------------------------------------------------------
DATA16_AN
  Relative segment, address: 0174 - 0175 (0x2 bytes), align: 0
  Segment part 7. ROOT.
           ENTRY                   ADDRESS         REF BY
           =====                   =======         ======
           TACCR1                  0174 
    -------------------------------------------------------------------------
DATA16_AN
  Relative segment, address: 0176 - 0177 (0x2 bytes), align: 0
  Segment part 8. ROOT.
           ENTRY                   ADDRESS         REF BY
           =====                   =======         ======
           TACCR2                  0176 
    -------------------------------------------------------------------------
DATA16_AN
  Relative segment, address: 0180 - 0181 (0x2 bytes), align: 0
  Segment part 9. ROOT.       Intra module refs:   TimerB_Init
           ENTRY                   ADDRESS         REF BY
           =====                   =======         ======
           TBCTL                   0180 
    -------------------------------------------------------------------------
DATA16_AN
  Relative segment, address: 0182 - 0183 (0x2 bytes), align: 0
  Segment part 10. ROOT.      Intra module refs:   TimerB_Init
           ENTRY                   ADDRESS         REF BY
           =====                   =======         ======
           TBCCTL0                 0182 
    -------------------------------------------------------------------------
DATA16_AN
  Relative segment, address: 0192 - 0193 (0x2 bytes), align: 0
  Segment part 11. ROOT.      Intra module refs:   TimerB_Init
           ENTRY                   ADDRESS         REF BY
           =====                   =======         ======
           TBCCR0                  0192 
    -------------------------------------------------------------------------
DATA16_Z
  Relative segment, address: 02EB - 02EB (0x1 bytes), align: 0
  Segment part 13.
           ENTRY                   ADDRESS         REF BY
           =====                   =======         ======
           TimerB_1S_Flag          02EB            TimerB_Isr (msp430f_it)
                                                   main (main)
    -------------------------------------------------------------------------
DATA16_Z
  Relative segment, address: 02EC - 02EC (0x1 bytes), align: 0
  Segment part 14.
           ENTRY                   ADDRESS         REF BY
           =====                   =======         ======
           TimerB_125mS_Flag       02EC            TimerB_Isr (msp430f_it)
                                                   main (main)
    -------------------------------------------------------------------------
<CODE> 1 (was CODE)
  Relative segment, address: 33C4 - 33E1 (0x1e bytes), align: 1
  Segment part 15.
           ENTRY                   ADDRESS         REF BY
           =====                   =======         ======
           TimerB_Init             33C4            main (main)
               CSTACK = 00000000 ( 00000002 )

    *************************************************************************

  FILE NAME : D:\Dvontek\SVN\AISMC\Pharos\3043-1-1552 PwrManage_Polling_Sub\Src\trunk\Project\Debug\Obj\Uart.r43
  PROGRAM MODULE, NAME : Uart

  SEGMENTS IN THE MODULE
  ======================
DATA16_AN
  Relative segment, address: 0000 - 0000 (0x1 bytes), align: 0
  Segment part 1. ROOT.       Intra module refs:   Uart0_Init
           ENTRY                   ADDRESS         REF BY
           =====                   =======         ======
           IE1                     0000 
    -------------------------------------------------------------------------
DATA16_AN
  Relative segment, address: 0004 - 0004 (0x1 bytes), align: 0
  Segment part 3. ROOT.       Intra module refs:   Uart0_Init
           ENTRY                   ADDRESS         REF BY
           =====                   =======         ======
           ME1                     0004 
    -------------------------------------------------------------------------
DATA16_AN
  Relative segment, address: 0001 - 0001 (0x1 bytes), align: 0
  Segment part 4. ROOT.       Intra module refs:   Uart1_Init
           ENTRY                   ADDRESS         REF BY
           =====                   =======         ======
           IE2                     0001 
    -------------------------------------------------------------------------
DATA16_AN
  Relative segment, address: 0003 - 0003 (0x1 bytes), align: 0
  Segment part 5. ROOT.
           ENTRY                   ADDRESS         REF BY
           =====                   =======         ======
           IFG2                    0003 
    -------------------------------------------------------------------------
DATA16_AN
  Relative segment, address: 0005 - 0005 (0x1 bytes), align: 0
  Segment part 6. ROOT.       Intra module refs:   Uart1_Init
           ENTRY                   ADDRESS         REF BY
           =====                   =======         ======
           ME2                     0005 
    -------------------------------------------------------------------------
DATA16_AN
  Relative segment, address: 001A - 001A (0x1 bytes), align: 0
  Segment part 7. ROOT.       Intra module refs:   Uart1_Init
           ENTRY                   ADDRESS         REF BY
           =====                   =======         ======
           P3DIR                   001A 
    -------------------------------------------------------------------------
DATA16_AN
  Relative segment, address: 001B - 001B (0x1 bytes), align: 0
  Segment part 8. ROOT.       Intra module refs:   Uart0_Init
                                                   Uart1_Init
           ENTRY                   ADDRESS         REF BY
           =====                   =======         ======
           P3SEL                   001B 
    -------------------------------------------------------------------------
DATA16_AN
  Relative segment, address: 0070 - 0070 (0x1 bytes), align: 0
  Segment part 9. ROOT.       Intra module refs:   Uart0_Init
           ENTRY                   ADDRESS         REF BY
           =====                   =======         ======
           U0CTL                   0070 
    -------------------------------------------------------------------------
DATA16_AN
  Relative segment, address: 0071 - 0071 (0x1 bytes), align: 0
  Segment part 10. ROOT.      Intra module refs:   Uart0_Init
           ENTRY                   ADDRESS         REF BY
           =====                   =======         ======
           U0TCTL                  0071 
    -------------------------------------------------------------------------
DATA16_AN
  Relative segment, address: 0073 - 0073 (0x1 bytes), align: 0
  Segment part 11. ROOT.      Intra module refs:   SetBaudRateRegisters
           ENTRY                   ADDRESS         REF BY
           =====                   =======         ======
           U0MCTL                  0073 
    -------------------------------------------------------------------------
DATA16_AN
  Relative segment, address: 0074 - 0074 (0x1 bytes), align: 0
  Segment part 12. ROOT.      Intra module refs:   SetBaudRateRegisters
           ENTRY                   ADDRESS         REF BY
           =====                   =======         ======
           U0BR0                   0074 
    -------------------------------------------------------------------------
DATA16_AN
  Relative segment, address: 0075 - 0075 (0x1 bytes), align: 0
  Segment part 13. ROOT.      Intra module refs:   SetBaudRateRegisters
           ENTRY                   ADDRESS         REF BY
           =====                   =======         ======
           U0BR1                   0075 
    -------------------------------------------------------------------------
DATA16_AN
  Relative segment, address: 0077 - 0077 (0x1 bytes), align: 0
  Segment part 14. ROOT.      Intra module refs:   Uart0_SendByte
           ENTRY                   ADDRESS         REF BY
           =====                   =======         ======
           U0TXBUF                 0077 
    -------------------------------------------------------------------------
DATA16_AN
  Relative segment, address: 0078 - 0078 (0x1 bytes), align: 0
  Segment part 15. ROOT.      Intra module refs:   Uart1_Init
           ENTRY                   ADDRESS         REF BY
           =====                   =======         ======
           U1CTL                   0078 
    -------------------------------------------------------------------------
DATA16_AN
  Relative segment, address: 0079 - 0079 (0x1 bytes), align: 0
  Segment part 16. ROOT.      Intra module refs:   Uart1_Init
           ENTRY                   ADDRESS         REF BY
           =====                   =======         ======
           U1TCTL                  0079 
    -------------------------------------------------------------------------
DATA16_AN
  Relative segment, address: 007B - 007B (0x1 bytes), align: 0
  Segment part 17. ROOT.      Intra module refs:   SetBaudRateRegisters
           ENTRY                   ADDRESS         REF BY
           =====                   =======         ======
           U1MCTL                  007B 
    -------------------------------------------------------------------------
DATA16_AN
  Relative segment, address: 007C - 007C (0x1 bytes), align: 0
  Segment part 18. ROOT.      Intra module refs:   SetBaudRateRegisters
           ENTRY                   ADDRESS         REF BY
           =====                   =======         ======
           U1BR0                   007C 
    -------------------------------------------------------------------------
DATA16_AN
  Relative segment, address: 007D - 007D (0x1 bytes), align: 0
  Segment part 19. ROOT.      Intra module refs:   SetBaudRateRegisters
           ENTRY                   ADDRESS         REF BY
           =====                   =======         ======
           U1BR1                   007D 
    -------------------------------------------------------------------------
DATA16_AN
  Relative segment, address: 007F - 007F (0x1 bytes), align: 0
  Segment part 20. ROOT.
           ENTRY                   ADDRESS         REF BY
           =====                   =======         ======
           U1TXBUF                 007F 
    -------------------------------------------------------------------------
<CODE> 1 (was CODE)
  Relative segment, address: 2254 - 23E3 (0x190 bytes), align: 1
  Segment part 28.            Intra module refs:   Uart0_Init
                                                   Uart1_Init
           ENTRY                   ADDRESS         REF BY
           =====                   =======         ======
           SetBaudRateRegisters    2254 
               calls direct
               CSTACK = 00000000 ( 00000018 )
    -------------------------------------------------------------------------
<CODE> 1 (was CODE)
  Relative segment, address: 2C56 - 2D51 (0xfc bytes), align: 1
  Segment part 30.
           ENTRY                   ADDRESS         REF BY
           =====                   =======         ======
           Uart0_Init              2C56            main (main)
               calls direct
               CSTACK = 00000000 ( 0000000E )
    -------------------------------------------------------------------------
<CODE> 1 (was CODE)
  Relative segment, address: 2B4E - 2C55 (0x108 bytes), align: 1
  Segment part 29.
           ENTRY                   ADDRESS         REF BY
           =====                   =======         ======
           Uart1_Init              2B4E            main (main)
               calls direct
               CSTACK = 00000000 ( 0000000E )
    -------------------------------------------------------------------------
<CODE> 1 (was CODE)
  Relative segment, address: 34CE - 34D9 (0xc bytes), align: 1
  Segment part 26.
           ENTRY                   ADDRESS         REF BY
           =====                   =======         ======
           Uart0_SendByte          34CE            putchar (App)
               CSTACK = 00000000 ( 00000002 )

    *************************************************************************

  FILE NAME : D:\Dvontek\SVN\AISMC\Pharos\3043-1-1552 PwrManage_Polling_Sub\Src\trunk\Project\Debug\Obj\main.r43
  PROGRAM MODULE, NAME : main

  SEGMENTS IN THE MODULE
  ======================
<CODE> 1 (was CODE)
  Relative segment, address: 2D52 - 2E25 (0xd4 bytes), align: 1
  Segment part 5.
           ENTRY                   ADDRESS         REF BY
           =====                   =======         ======
           main                    2D52            Segment part 14 (?cstart)
               calls direct
               CSTACK = 00000000 ( 00000006 )
    -------------------------------------------------------------------------
DATA16_C
  Relative segment, address: 1391 - 1395 (0x5 bytes), align: 0
  Segment part 2.             Intra module refs:   main
    -------------------------------------------------------------------------
DATA16_C
  Relative segment, address: 1396 - 13D1 (0x3c bytes), align: 0
  Segment part 3.             Intra module refs:   main
    -------------------------------------------------------------------------
DATA16_C
  Relative segment, address: 13D2 - 13EC (0x1b bytes), align: 0
  Segment part 4.             Intra module refs:   main

    *************************************************************************

  FILE NAME : D:\Dvontek\SVN\AISMC\Pharos\3043-1-1552 PwrManage_Polling_Sub\Src\trunk\Project\Debug\Obj\msp430f_it.r43
  PROGRAM MODULE, NAME : msp430f_it

  SEGMENTS IN THE MODULE
  ======================
DATA16_AN
  Relative segment, address: 0076 - 0076 (0x1 bytes), align: 0
  Segment part 1. ROOT.       Intra module refs:   Uart0_Rx_Isr
           ENTRY                   ADDRESS         REF BY
           =====                   =======         ======
           U0RXBUF                 0076 
    -------------------------------------------------------------------------
<CODE> 1 (was CODE)
  Relative segment, address: 355C - 355D (0x2 bytes), align: 1
  Segment part 15.            Intra module refs:   Uart0_Tx_Isr::??INTVEC 16
           ENTRY                   ADDRESS         REF BY
           =====                   =======         ======
           Uart0_Tx_Isr            355C 
               interrupt function
               CSTACK = 00000000 ( 00000004 )
    -------------------------------------------------------------------------
<CODE> 1 (was CODE)
  Relative segment, address: 2FF6 - 3047 (0x52 bytes), align: 1
  Segment part 14.            Intra module refs:   Uart0_Rx_Isr::??INTVEC 18
           ENTRY                   ADDRESS         REF BY
           =====                   =======         ======
           Uart0_Rx_Isr            2FF6 
               interrupt function
               calls direct
               CSTACK = 00000000 ( 0000000C )
    -------------------------------------------------------------------------
<CODE> 1 (was CODE)
  Relative segment, address: 3538 - 353F (0x8 bytes), align: 1
  Segment part 13.            Intra module refs:   Uart1_Rx_Isr::??INTVEC 6
           ENTRY                   ADDRESS         REF BY
           =====                   =======         ======
           Uart1_Rx_Isr            3538 
               interrupt function
               CSTACK = 00000000 ( 00000004 )
    -------------------------------------------------------------------------
<CODE> 1 (was CODE)
  Relative segment, address: 292A - 2A3D (0x114 bytes), align: 1
  Segment part 12.            Intra module refs:   TimerB_Isr::??INTVEC 26
           ENTRY                   ADDRESS         REF BY
           =====                   =======         ======
           TimerB_Isr              292A 
               interrupt function
               CSTACK = 00000000 ( 0000000C )
    -------------------------------------------------------------------------
DATA16_Z
  Relative segment, address: 02ED - 02ED (0x1 bytes), align: 0
  Segment part 7.             Intra module refs:   TimerB_Isr
           LOCAL                   ADDRESS         
           =====                   =======         
           TimerB_Isr::nCount_1S   02ED 
    -------------------------------------------------------------------------
DATA16_Z
  Relative segment, address: 02EE - 02EE (0x1 bytes), align: 0
  Segment part 8.             Intra module refs:   TimerB_Isr
           LOCAL                   ADDRESS         
           =====                   =======         
           TimerB_Isr::nCount_125mS
                                   02EE 
    -------------------------------------------------------------------------
DATA16_Z
  Relative segment, address: 02B8 - 02BB (0x4 bytes), align: 1
  Segment part 9.             Intra module refs:   TimerB_Isr
           LOCAL                   ADDRESS         
           =====                   =======         
           TimerB_Isr::tmpChgSoc   02B8 
    -------------------------------------------------------------------------
DATA16_Z
  Relative segment, address: 02BC - 02BF (0x4 bytes), align: 1
  Segment part 10.            Intra module refs:   TimerB_Isr
           LOCAL                   ADDRESS         
           =====                   =======         
           TimerB_Isr::tmpDisChgSoc
                                   02BC 
    -------------------------------------------------------------------------
DATA16_Z
  Relative segment, address: 02C0 - 02C1 (0x2 bytes), align: 1
  Segment part 11.            Intra module refs:   TimerB_Isr
           LOCAL                   ADDRESS         
           =====                   =======         
           TimerB_Isr::tmpSocCount
                                   02C0 
    -------------------------------------------------------------------------
INTVEC
  Common segment, address: FFE0 - FFE7 (0x8 bytes), align: 1
  Segment part 2. ROOT.
           ENTRY                   ADDRESS         REF BY
           =====                   =======         ======
           Uart1_Rx_Isr::??INTVEC 6
                                   FFE6 
    -------------------------------------------------------------------------
INTVEC
  Common segment, address: FFE0 - FFF1 (0x12 bytes), align: 1
  Segment part 3. ROOT.
           ENTRY                   ADDRESS         REF BY
           =====                   =======         ======
           Uart0_Tx_Isr::??INTVEC 16
                                   FFF0 
    -------------------------------------------------------------------------
INTVEC
  Common segment, address: FFE0 - FFF3 (0x14 bytes), align: 1
  Segment part 4. ROOT.
           ENTRY                   ADDRESS         REF BY
           =====                   =======         ======
           Uart0_Rx_Isr::??INTVEC 18
                                   FFF2 
    -------------------------------------------------------------------------
INTVEC
  Common segment, address: FFE0 - FFFB (0x1c bytes), align: 1
  Segment part 5. ROOT.
           ENTRY                   ADDRESS         REF BY
           =====                   =======         ======
           TimerB_Isr::??INTVEC 26
                                   FFFA 

    *************************************************************************

  FILE NAME : D:\Dvontek\SVN\AISMC\Pharos\3043-1-1552 PwrManage_Polling_Sub\Src\trunk\Project\Debug\Obj\printf.r43
  PROGRAM MODULE, NAME : printf

  SEGMENTS IN THE MODULE
  ======================
<CODE> 1 (was CODE)
  Relative segment, address: 3548 - 354D (0x6 bytes), align: 1
  Segment part 3.             Intra module refs:   printf
           LOCAL                   ADDRESS         
           =====                   =======         
           put_one_char            3548 
               calls direct
               CSTACK = 00000000 ( 00000002 )
    -------------------------------------------------------------------------
<CODE> 1 (was CODE)
  Relative segment, address: 33FE - 3417 (0x1a bytes), align: 1
  Segment part 2.
           ENTRY                   ADDRESS         REF BY
           =====                   =======         ======
           printf                  33FE            ChargeProcess (ChgDischg)
                                                   DischargeProcess (ChgDischg)
                                                   Get_BattInfo (ChgDischg)
                                                   Task_Dbg (Debug)
                                                   Task_PwrMng (ChgDischg)
                                                   main (main)
               calls direct
               CSTACK = 00000000 ( 00000004 )

    *************************************************************************

  FILE NAME : C:\Program Files\IAR Systems\Embedded Workbench 6.0 Evaluation\430\LIB\CLIB\cl430f.r43
  LIBRARY MODULE, NAME : ?Mul32fHw

  SEGMENTS IN THE MODULE
  ======================
<CODE> 1 (was CODE)
  Relative segment, address: 26C8 - 27F9 (0x132 bytes), align: 1
  Segment part 0.
           ENTRY                   ADDRESS         REF BY
           =====                   =======         ======
           ?Mul32fHw               26C8            Get_BattInfo (ChgDischg)
                                                   Segment part 8 (?largewr)

    -------------------------------------------------------------------------
  LIBRARY MODULE, NAME : ?abs

  SEGMENTS IN THE MODULE
  ======================
<CODE> 1 (was CODE)
  Relative segment, address: 3524 - 352D (0xa bytes), align: 1
  Segment part 2.
           ENTRY                   ADDRESS         REF BY
           =====                   =======         ======
           abs                     3524            SetBaudRateRegisters (Uart)
               CSTACK = 00000000 ( 00000002 )

    -------------------------------------------------------------------------
  LIBRARY MODULE, NAME : ?_exit

  SEGMENTS IN THE MODULE
  ======================
<CODE> 1 (was CODE)
  Relative segment, address: 354E, align: 1
  Segment part 0.
           ENTRY                   ADDRESS         REF BY
           =====                   =======         ======
           _exit                   354E            exit (?clibexit)
    -------------------------------------------------------------------------
<CODE> 1 (was CODE)
  Relative segment, address: 354E - 3551 (0x4 bytes), align: 1
  Segment part 5.             Intra module refs:   _exit

    -------------------------------------------------------------------------
  LIBRARY MODULE, NAME : ?clibexit

  SEGMENTS IN THE MODULE
  ======================
<CODE> 1 (was CODE)
  Relative segment, address: 3556 - 3559 (0x4 bytes), align: 1
  Segment part 2.
           ENTRY                   ADDRESS         REF BY
           =====                   =======         ======
           exit                    3556            Segment part 14 (?cstart)
               calls direct
               CSTACK = 00000000 ( 00000002 )

    -------------------------------------------------------------------------
  LIBRARY MODULE, NAME : ?__exit

  SEGMENTS IN THE MODULE
  ======================
<CODE> 1 (was CODE)
  Relative segment, address: 355A - 355B (0x2 bytes), align: 1
  Segment part 0.
           ENTRY                   ADDRESS         REF BY
           =====                   =======         ======
           __exit                  355A            Segment part 5 (?_exit)
                                                   _exit (?_exit)
           ?C_EXIT                 355A 

    -------------------------------------------------------------------------
  LIBRARY MODULE, NAME : ?cstart

  SEGMENTS IN THE MODULE
  ======================
CSTACK
  Relative segment, address: 09B0, align: 1
  Segment part 1.
    -------------------------------------------------------------------------
DATA16_Z
  Relative segment, address: 02C2, align: 1
  Segment part 2.
    -------------------------------------------------------------------------
DATA16_I
  Relative segment, address: 0200, align: 1
  Segment part 3.
    -------------------------------------------------------------------------
DATA16_ID
  Relative segment, address: 14A4, align: 1
  Segment part 4.
    -------------------------------------------------------------------------
CSTART
  Relative segment, address: 14A6 - 14A9 (0x4 bytes), align: 1
  Segment part 7.
           ENTRY                   ADDRESS         REF BY
           =====                   =======         ======
           __program_start         14A6            ?reset_vector (?reset_vector)
                                                   Absolute parts (?ABS_ENTRY_MOD)
           ?cstart_begin           14A6 
    -------------------------------------------------------------------------
CSTART
  Relative segment, address: 14AA - 14B5 (0xc bytes), align: 1
  Segment part 10.
           ENTRY                   ADDRESS         REF BY
           =====                   =======         ======
           ?cstart_init_zero       14AA            ADC12ISR::index (Adc)
                                                   AdcRes (Adc)
                                                   AdcResCount (Adc)
                                                   ChargeProcess::nErrCount (ChgDischg)
                                                   ChargeProcess::nTimeTick (ChgDischg)
                                                   DBG_RxBuf (Debug)
                                                   DBG_RxCount (Debug)
                                                   DBG_RxFlag (Debug)
                                                   DevBasicInfo (App)
                                                   DevData (App)
                                                   DevInfo (App)
                                                   DischargeProcess::nErrCount (ChgDischg)
                                                   DischargeProcess::nTimeTick (ChgDischg)
                                                   SysTimeTick (App)
                                                   Task_SysCtrl::bWdtFlag (App)
                                                   TimerB_125mS_Flag (Timer)
                                                   TimerB_1S_Flag (Timer)
                                                   TimerB_Isr::nCount_125mS (msp430f_it)
                                                   TimerB_Isr::nCount_1S (msp430f_it)
                                                   TimerB_Isr::tmpChgSoc (msp430f_it)
                                                   TimerB_Isr::tmpDisChgSoc (msp430f_it)
                                                   TimerB_Isr::tmpSocCount (msp430f_it)
    -------------------------------------------------------------------------
CSTART
  Relative segment, address: 14B6 - 14C5 (0x10 bytes), align: 1
  Segment part 11.
           ENTRY                   ADDRESS         REF BY
           =====                   =======         ======
           ?cstart_init_copy       14B6            DBG_TimeOut_Count (Debug)
    -------------------------------------------------------------------------
CSTART
  Relative segment, address: 14C6 - 14CD (0x8 bytes), align: 1
  Segment part 14.            Intra module refs:   Segment part 7
           ENTRY                   ADDRESS         REF BY
           =====                   =======         ======
           ?cstart_call_main       14C6 
           ?cstart_end             14CE 

    -------------------------------------------------------------------------
  LIBRARY MODULE, NAME : ?reset_vector

  SEGMENTS IN THE MODULE
  ======================
RESET
  Relative segment, address: FFFE - FFFF (0x2 bytes), align: 1
  Segment part 0.
           ENTRY                   ADDRESS         REF BY
           =====                   =======         ======
           ?reset_vector           FFFE            Segment part 7 (?cstart)

    -------------------------------------------------------------------------
  LIBRARY MODULE, NAME : ?ctype

  SEGMENTS IN THE MODULE
  ======================
DATA16_C
  Relative segment, address: 13ED - 146D (0x81 bytes), align: 0
  Segment part 2.
           ENTRY                   ADDRESS         REF BY
           =====                   =======         ======
           _Small_Ctype            13ED            strupr (Debug)

    -------------------------------------------------------------------------
  LIBRARY MODULE, NAME : ?Epilogue

  SEGMENTS IN THE MODULE
  ======================
<CODE> 1 (was CODE)
  Relative segment, address: 3496 - 34A7 (0x12 bytes), align: 1
  Segment part 0.
           ENTRY                   ADDRESS         REF BY
           =====                   =======         ======
           ?Epilogue3              34A0 
           ?Epilogue4              349E            Uart0_Init (Uart)
                                                   Uart1_Init (Uart)
           ?Epilogue5              349C 
           ?Epilogue6              349A            _large_write (?largewr)
                                                   float_conversion (?largewr)
           ?Epilogue7              3498 
           ?Epilogue8              3496            Get_BattInfo (ChgDischg)
                                                   SetBaudRateRegisters (Uart)

    -------------------------------------------------------------------------
  LIBRARY MODULE, NAME : ?Cast32f32i

  SEGMENTS IN THE MODULE
  ======================
<CODE> 1 (was CODE)
  Relative segment, address: 2E26 - 2EB7 (0x92 bytes), align: 1
  Segment part 0.
           ENTRY                   ADDRESS         REF BY
           =====                   =======         ======
           _Cast32sto32f           2E26            float_conversion (?largewr)
           _Cast32uto32f           2E3A            Get_BattInfo (ChgDischg)

    -------------------------------------------------------------------------
  LIBRARY MODULE, NAME : _Cast32fto32u

  SEGMENTS IN THE MODULE
  ======================
<CODE> 1 (was CODE)
  Relative segment, address: 34E6 - 34F1 (0xc bytes), align: 1
  Segment part 0.
           ENTRY                   ADDRESS         REF BY
           =====                   =======         ======
           _Cast32fto32u           34E6            Get_BattInfo (ChgDischg)

    -------------------------------------------------------------------------
  LIBRARY MODULE, NAME : _Cast32fto32s

  SEGMENTS IN THE MODULE
  ======================
<CODE> 1 (was CODE)
  Relative segment, address: 3296 - 32C7 (0x32 bytes), align: 1
  Segment part 0.
           ENTRY                   ADDRESS         REF BY
           =====                   =======         ======
           _Cast32fto32s           3296            float_conversion (?largewr)

    -------------------------------------------------------------------------
  LIBRARY MODULE, NAME : ?FLT_Extract

  SEGMENTS IN THE MODULE
  ======================
<CODE> 1 (was CODE)
  Relative segment, address: 30EC - 3137 (0x4c bytes), align: 1
  Segment part 0.
           ENTRY                   ADDRESS         REF BY
           =====                   =======         ======
           ?FLT_Extract            30EC            _Cast32fto32s (_Cast32fto32s)
                                                   _Cast32fto32u (_Cast32fto32u)

    -------------------------------------------------------------------------
  LIBRARY MODULE, NAME : ?FLT_EQ

  SEGMENTS IN THE MODULE
  ======================
<CODE> 1 (was CODE)
  Relative segment, address: 32C8 - 32F7 (0x30 bytes), align: 1
  Segment part 0.
           ENTRY                   ADDRESS         REF BY
           =====                   =======         ======
           ?FLT_EQ                 32C8            _CmpEq32f (_CmpEq32f)
                                                   _CmpNe32f (_CmpNe32f)

    -------------------------------------------------------------------------
  LIBRARY MODULE, NAME : ?FLT_GE

  SEGMENTS IN THE MODULE
  ======================
<CODE> 1 (was CODE)
  Relative segment, address: 2FA0 - 2FF5 (0x56 bytes), align: 1
  Segment part 0.
           ENTRY                   ADDRESS         REF BY
           =====                   =======         ======
           ?FLT_GE                 2FA0            _CmpGe32f (_CmpGe32f)

    -------------------------------------------------------------------------
  LIBRARY MODULE, NAME : ?FLT_LT

  SEGMENTS IN THE MODULE
  ======================
<CODE> 1 (was CODE)
  Relative segment, address: 309A - 30EB (0x52 bytes), align: 1
  Segment part 0.
           ENTRY                   ADDRESS         REF BY
           =====                   =======         ======
           ?FLT_LT                 309A            _CmpLt32f (_CmpLt32f)

    -------------------------------------------------------------------------
  LIBRARY MODULE, NAME : _CmpEq32f

  SEGMENTS IN THE MODULE
  ======================
<CODE> 1 (was CODE)
  Relative segment, address: 34B6 - 34C1 (0xc bytes), align: 1
  Segment part 0.
           ENTRY                   ADDRESS         REF BY
           =====                   =======         ======
           _CmpEq32f               34B6            float_conversion (?largewr)

    -------------------------------------------------------------------------
  LIBRARY MODULE, NAME : _CmpNe32f

  SEGMENTS IN THE MODULE
  ======================
<CODE> 1 (was CODE)
  Relative segment, address: 34C2 - 34CD (0xc bytes), align: 1
  Segment part 0.
           ENTRY                   ADDRESS         REF BY
           =====                   =======         ======
           _CmpNe32f               34C2            float_conversion (?largewr)

    -------------------------------------------------------------------------
  LIBRARY MODULE, NAME : _CmpGe32f

  SEGMENTS IN THE MODULE
  ======================
<CODE> 1 (was CODE)
  Relative segment, address: 351A - 3523 (0xa bytes), align: 1
  Segment part 0.
           ENTRY                   ADDRESS         REF BY
           =====                   =======         ======
           _CmpGe32f               351A            Segment part 12 (?largewr)
                                                   float_conversion (?largewr)

    -------------------------------------------------------------------------
  LIBRARY MODULE, NAME : _CmpLt32f

  SEGMENTS IN THE MODULE
  ======================
<CODE> 1 (was CODE)
  Relative segment, address: 352E - 3537 (0xa bytes), align: 1
  Segment part 0.
           ENTRY                   ADDRESS         REF BY
           =====                   =======         ======
           _CmpLt32f               352E            _large_write (?largewr)
                                                   float_conversion (?largewr)

    -------------------------------------------------------------------------
  LIBRARY MODULE, NAME : _Div32f

  SEGMENTS IN THE MODULE
  ======================
<CODE> 1 (was CODE)
  Relative segment, address: 27FA - 2929 (0x130 bytes), align: 1
  Segment part 0.
           ENTRY                   ADDRESS         REF BY
           =====                   =======         ======
           _Div32f                 27FA            Get_BattInfo (ChgDischg)
                                                   float_conversion (?largewr)

    -------------------------------------------------------------------------
  LIBRARY MODULE, NAME : _Add32f

  SEGMENTS IN THE MODULE
  ======================
<CODE> 1 (was CODE)
  Relative segment, address: 2566 - 26C7 (0x162 bytes), align: 1
  Segment part 0.
           ENTRY                   ADDRESS         REF BY
           =====                   =======         ======
           _Add32f                 256A 
           _Sub32f                 2566            float_conversion (?largewr)

    -------------------------------------------------------------------------
  LIBRARY MODULE, NAME : ?largewr

  SEGMENTS IN THE MODULE
  ======================
<CODE> 1 (was CODE)
  Relative segment, address: 1D1A - 1FF5 (0x2dc bytes), align: 1
  Segment part 6.             Intra module refs:   _large_write
           LOCAL                   ADDRESS         
           =====                   =======         
           float_conversion        1D1A 
               calls direct
               CSTACK = 00000000 ( 00000012 )
    -------------------------------------------------------------------------
<CODE> 1 (was CODE)
  Relative segment, address: 3506 - 350F (0xa bytes), align: 1
  Segment part 7.             Intra module refs:   float_conversion
    -------------------------------------------------------------------------
<CODE> 1 (was CODE)
  Relative segment, address: 34FC - 3505 (0xa bytes), align: 1
  Segment part 8.             Intra module refs:   float_conversion
    -------------------------------------------------------------------------
<CODE> 1 (was CODE)
  Relative segment, address: 322C - 3233 (0x8 bytes), align: 1
  Segment part 9.             Intra module refs:   float_conversion
    -------------------------------------------------------------------------
<CODE> 1 (was CODE)
  Relative segment, address: 3234 - 3239 (0x6 bytes), align: 1
  Segment part 10.            Intra module refs:   Segment part 13
                                                   Segment part 9
    -------------------------------------------------------------------------
<CODE> 1 (was CODE)
  Relative segment, address: 323A - 324D (0x14 bytes), align: 1
  Segment part 11.            Intra module refs:   float_conversion
    -------------------------------------------------------------------------
<CODE> 1 (was CODE)
  Relative segment, address: 324E - 3259 (0xc bytes), align: 1
  Segment part 12.            Intra module refs:   float_conversion
    -------------------------------------------------------------------------
<CODE> 1 (was CODE)
  Relative segment, address: 325A - 3261 (0x8 bytes), align: 1
  Segment part 13.            Intra module refs:   float_conversion
    -------------------------------------------------------------------------
<CODE> 1 (was CODE)
  Relative segment, address: 14CE - 198D (0x4c0 bytes), align: 1
  Segment part 14.
           ENTRY                   ADDRESS         REF BY
           =====                   =======         ======
           _large_write            14CE            printf (printf)
               calls direct and indirect
               CSTACK = 00000000 ( 000000B0 )
    -------------------------------------------------------------------------
<CODE> 1 (was CODE)
  Relative segment, address: 34F2 - 34FB (0xa bytes), align: 1
  Segment part 15.            Intra module refs:   _large_write
    -------------------------------------------------------------------------
<CODE> 1 (was CODE)
  Relative segment, address: 3484 - 3495 (0x12 bytes), align: 1
  Segment part 16.            Intra module refs:   _large_write
    -------------------------------------------------------------------------
<CODE> 1 (was CODE)
  Relative segment, address: 345E - 3471 (0x14 bytes), align: 1
  Segment part 17.            Intra module refs:   _large_write
    -------------------------------------------------------------------------
DATA16_C
  Relative segment, address: 146E - 147E (0x11 bytes), align: 0
  Segment part 2.             Intra module refs:   _large_write
    -------------------------------------------------------------------------
DATA16_C
  Relative segment, address: 147F - 148D (0xf bytes), align: 0
  Segment part 3.             Intra module refs:   _large_write
    -------------------------------------------------------------------------
DATA16_C
  Relative segment, address: 148E - 149E (0x11 bytes), align: 0
  Segment part 4.             Intra module refs:   _large_write
    -------------------------------------------------------------------------
DATA16_C
  Relative segment, address: 149F - 14A2 (0x4 bytes), align: 0
  Segment part 5.             Intra module refs:   _large_write

    -------------------------------------------------------------------------
  LIBRARY MODULE, NAME : ?DivMod816u

  SEGMENTS IN THE MODULE
  ======================
<CODE> 1 (was CODE)
  Relative segment, address: 33E2 - 33FD (0x1c bytes), align: 1
  Segment part 0.
           ENTRY                   ADDRESS         REF BY
           =====                   =======         ======
           ?DivMod8u               33E2 
           ?DivMod16u              33E6            ADC12ISR (Adc)
                                                   Segment part 0 (?DivMod816s)

    -------------------------------------------------------------------------
  LIBRARY MODULE, NAME : ?DivMod816s

  SEGMENTS IN THE MODULE
  ======================
<CODE> 1 (was CODE)
  Relative segment, address: 3262 - 3295 (0x34 bytes), align: 1
  Segment part 0.
           ENTRY                   ADDRESS         REF BY
           =====                   =======         ======
           ?DivMod8s               3262 
           ?DivMod16s              3266            Segment part 7 (?largewr)

    -------------------------------------------------------------------------
  LIBRARY MODULE, NAME : ?DivMod32u

  SEGMENTS IN THE MODULE
  ======================
<CODE> 1 (was CODE)
  Relative segment, address: 31F4 - 322B (0x38 bytes), align: 1
  Segment part 0.
           ENTRY                   ADDRESS         REF BY
           =====                   =======         ======
           ?DivMod32u              31F4            ?DivMod32s (?DivMod32s)
                                                   TimerB_Isr (msp430f_it)
                                                   _large_write (?largewr)

    -------------------------------------------------------------------------
  LIBRARY MODULE, NAME : ?DivMod32s

  SEGMENTS IN THE MODULE
  ======================
<CODE> 1 (was CODE)
  Relative segment, address: 3138 - 3177 (0x40 bytes), align: 1
  Segment part 0.
           ENTRY                   ADDRESS         REF BY
           =====                   =======         ======
           ?DivMod32s              3138            SetBaudRateRegisters (Uart)

    -------------------------------------------------------------------------
  LIBRARY MODULE, NAME : ?ShiftLeft16

  SEGMENTS IN THE MODULE
  ======================
<CODE> 1 (was CODE)
  Relative segment, address: 34DA - 34E5 (0xc bytes), align: 1
  Segment part 0.
           ENTRY                   ADDRESS         REF BY
           =====                   =======         ======
           ?ShiftLeft16            34DA            Get_BattInfo (ChgDischg)
                                                   SetBaudRateRegisters (Uart)

    -------------------------------------------------------------------------
  LIBRARY MODULE, NAME : ?ShiftRight816s

  SEGMENTS IN THE MODULE
  ======================
<CODE> 1 (was CODE)
  Relative segment, address: 34A8 - 34B5 (0xe bytes), align: 1
  Segment part 0.
           ENTRY                   ADDRESS         REF BY
           =====                   =======         ======
           ?ShiftRight8s           34A8 
           ?ShiftRight16s          34AA            ChargeProcess (ChgDischg)
                                                   DischargeProcess (ChgDischg)

    -------------------------------------------------------------------------
  LIBRARY MODULE, NAME : ?memcpy

  SEGMENTS IN THE MODULE
  ======================
<CODE> 1 (was CODE)
  Relative segment, address: 3430 - 3447 (0x18 bytes), align: 1
  Segment part 2.
           ENTRY                   ADDRESS         REF BY
           =====                   =======         ======
           memcpy                  3430            Task_Dbg (Debug)
                                                   __data16_memcpy (?memzero)
                                                   main (main)
               CSTACK = 00000000 ( 00000004 )

    -------------------------------------------------------------------------
  LIBRARY MODULE, NAME : ?memset

  SEGMENTS IN THE MODULE
  ======================
<CODE> 1 (was CODE)
  Relative segment, address: 3418 - 342F (0x18 bytes), align: 1
  Segment part 2.
           ENTRY                   ADDRESS         REF BY
           =====                   =======         ======
           memset                  3418            Task_Dbg (Debug)
                                                   Uart0_Rx_Isr (msp430f_it)
               CSTACK = 00000000 ( 00000004 )

    -------------------------------------------------------------------------
  LIBRARY MODULE, NAME : ?memzero

  SEGMENTS IN THE MODULE
  ======================
<CODE> 1 (was CODE)
  Relative segment, address: 3472 - 3483 (0x12 bytes), align: 1
  Segment part 4.
           ENTRY                   ADDRESS         REF BY
           =====                   =======         ======
           __data16_memzero        3472            ?cstart_init_zero (?cstart)
               CSTACK = 00000000 ( 00000002 )
    -------------------------------------------------------------------------
<CODE> 1 (was CODE)
  Relative segment, address: 3552 - 3555 (0x4 bytes), align: 1
  Segment part 3.
           ENTRY                   ADDRESS         REF BY
           =====                   =======         ======
           __data16_memcpy         3552            ?cstart_init_copy (?cstart)
               calls direct
               CSTACK = 00000000 ( 00000002 )

    -------------------------------------------------------------------------
  LIBRARY MODULE, NAME : ?Mul32Hw

  SEGMENTS IN THE MODULE
  ======================
<CODE> 1 (was CODE)
  Relative segment, address: 32F8 - 3325 (0x2e bytes), align: 1
  Segment part 0.
           ENTRY                   ADDRESS         REF BY
           =====                   =======         ======
           ?Mul32Hw                32F8            SetBaudRateRegisters (Uart)




                ****************************************
                *                                      *
                *            MODULE SUMMARY            *
                *                                      *
                ****************************************

Module               CODE      DATA      CONST
------               ----      ----      -----
                    (Rel)  (Rel)  (Abs)  (Rel)
?Cast32f32i           146
?DivMod32s             64
?DivMod32u             56
?DivMod816s            52
?DivMod816u            28
?Epilogue              18
?FLT_EQ                48
?FLT_Extract           76
?FLT_GE                86
?FLT_LT                82
?Mul32Hw               46
?Mul32fHw             306
?ShiftLeft16           12
?ShiftRight816s        14
?__exit                 2
?_exit                  4
?abs                   10
?clibexit               4
?cstart                40
?ctype                                     129
?largewr            2 070                   53
?memcpy                24
?memset                24
?memzero               22
?reset_vector           2
Adc                   206    115     28
  + common             16
App                    70     76      1
ChgDischg           1 372     10           525
Config                 50             5
  + shared                            1
Debug                 948     23           133
Gpio                  162             5
  + shared                            3
I2c                                   3
Timer                  30      2     16
Uart                  928            19
_Add32f               354
_Cast32fto32s          50
_Cast32fto32u          12
_CmpEq32f              12
_CmpGe32f              10
_CmpLt32f              10
_CmpNe32f              12
_Div32f               304
main                  212                   92
msp430f_it            368     12      1
  + common             28
printf                 32
N/A (command line)            80
N/A (alignment)
----------          -----    ---     --    ---
Total:              8 378    318     82    932
  + common             28

                ****************************************
                *                                      *
                *        END OF CROSS REFERENCE        *
                *                                      *
                ****************************************

 8 406 bytes of CODE  memory
   318 bytes of DATA  memory (+ 82 absolute )
   932 bytes of CONST memory

Errors: none
Warnings: none

